To honour the JVM settings for this build a single-use Daemon process will be forked. For more on this, please refer to https://docs.gradle.org/9.8.0/userguide/gradle_daemon.html#sec:disabling_the_daemon in the Gradle documentation.
Daemon will be stopped at the end of the build 
> Task :build-logic:compileJava NO-SOURCE
> Task :build-logic:compileGroovy FROM-CACHE
> Task :build-logic:pluginDescriptors
> Task :build-logic:processResources
> Task :build-logic:classes
> Task :build-logic:jar
> Task :analysis-model:checkKotlinGradlePluginConfigurationErrors SKIPPED
> Task :analysis-model:compileKotlin FROM-CACHE
> Task :analysis-model:compileJava NO-SOURCE
> Task :analysis-model:processResources NO-SOURCE
> Task :analysis-model:classes UP-TO-DATE
> Task :analysis-model:jar
> Task :analysis-core:checkKotlinGradlePluginConfigurationErrors SKIPPED
> Task :analysis-core:compileKotlin FROM-CACHE
> Task :analysis-core:compileJava FROM-CACHE
> Task :analysis-runtime:checkKotlinGradlePluginConfigurationErrors SKIPPED
> Task :editor-ui:checkKotlinGradlePluginConfigurationErrors SKIPPED
> Task :analysis-runtime:processResources NO-SOURCE
> Task :editor-ui:processResources NO-SOURCE
> Task :plugin:checkKotlinGradlePluginConfigurationErrors SKIPPED
> Task :plugin:initializeIntellijPlatformPlugin
> Task :plugin:patchPluginXml FROM-CACHE
> Task :plugin:processResources
> Task :plugin:generateManifest FROM-CACHE
> Task :plugin:processVisualBridgeResources
> Task :analysis-core:processResources NO-SOURCE
> Task :analysis-core:classes UP-TO-DATE
> Task :analysis-core:jar
> Task :plugin:cleanVisualTestArtifacts UP-TO-DATE
> Task :plugin:processVisualTestResources
> Task :editor-ui:compileKotlin
w: Language version 1.9 is deprecated in JVM and its support will be removed in a future version of Kotlin. Update the version to 2.1.
w: file:///workspace/editor-ui/src/main/kotlin/com/sijunyang/bracketpairguides/ui/presentation/BracketGuideDrawing.kt:336:17 Variable 'outline' is never used

> Task :editor-ui:compileJava FROM-CACHE
> Task :analysis-runtime:compileKotlin FROM-CACHE
> Task :analysis-runtime:compileJava FROM-CACHE
> Task :analysis-runtime:classes UP-TO-DATE
> Task :analysis-runtime:jar
> Task :editor-ui:classes UP-TO-DATE
> Task :editor-ui:jar
> Task :plugin:compileKotlin FROM-CACHE
> Task :plugin:compileJava NO-SOURCE
> Task :plugin:classes
> Task :plugin:jar
> Task :plugin:instrumentCode FROM-CACHE
> Task :plugin:compileVisualBridgeKotlin FROM-CACHE
> Task :plugin:compileVisualBridgeJava NO-SOURCE
> Task :plugin:visualBridgeClasses
> Task :plugin:visualTestBridgeJar
> Task :plugin:instrumentedJar FROM-CACHE
> Task :plugin:composedJar FROM-CACHE
> Task :plugin:prepareSandbox
> Task :plugin:buildSearchableOptions SKIPPED
> Task :plugin:prepareJarSearchableOptions SKIPPED
> Task :plugin:jarSearchableOptions SKIPPED
> Task :plugin:buildPlugin
> Task :plugin:buildVisualTestPlugin
> Task :plugin:compileVisualTestKotlin FROM-CACHE
> Task :plugin:compileVisualTestJava NO-SOURCE
> Task :plugin:prepareSandbox_visualTest
> Task :plugin:visualTestClasses
> Task :plugin:visualTest


(java:297): dbind-WARNING **: 11:35:54.022: AT-SPI: Error retrieving accessibility bus address: org.freedesktop.DBus.Error.ServiceUnknown: The name org.a11y.Bus was not provided by any .service files
[11:36:26]:    ... terminating process `jcmd-run` by request from external process (either SIGTERM or SIGKILL is caught) ...
[11:36:26]: ... Shutdown in progress
[11:36:26]: Couldn't find appropriate java process id for pid 372
[11:36:26]:   ... failed external process `jcmd-run` with exit code 143
[11:36:26]: Retrying in 3s ...

> Task :plugin:visualTest

EditorVisualContractTest > geometryRepairAndDisableMatchReviewedBaselines() FAILED
    org.opentest4j.AssertionFailedError at EditorVisualContractTest.kt:350

1 test completed, 1 failed

> Task :plugin:visualTest FAILED

[Incubating] Problems report is available at: file:///workspace/build/reports/problems/problems-report.html

FAILURE: Build failed with an exception.

* What went wrong:
Execution failed for task ':plugin:visualTest'.
> There were failing tests. See the report at: file:///workspace/plugin/build/reports/tests/visualTest/index.html

* Try:
> Run with --scan to get full insights from a Build Scan (powered by Develocity).

* Exception is:
org.gradle.api.tasks.TaskExecutionException: Execution failed for task ':plugin:visualTest'.
	at org.gradle.api.internal.tasks.execution.DefaultTaskNodeExecutor.lambda$doExecute$1(DefaultTaskNodeExecutor.java:367)
	at org.gradle.internal.Try$Failure.ifSuccessfulOrElse(Try.java:288)
	at org.gradle.api.internal.tasks.execution.DefaultTaskNodeExecutor.doExecute(DefaultTaskNodeExecutor.java:365)
	at org.gradle.api.internal.tasks.execution.DefaultTaskNodeExecutor.executeTrackingTaskIdentity(DefaultTaskNodeExecutor.java:332)
	at org.gradle.api.internal.tasks.execution.DefaultTaskNodeExecutor.executeFinalizingProperties(DefaultTaskNodeExecutor.java:318)
	at org.gradle.api.internal.tasks.execution.DefaultTaskNodeExecutor.executeSkippingWithNoActions(DefaultTaskNodeExecutor.java:289)
	at org.gradle.api.internal.tasks.execution.DefaultTaskNodeExecutor.executeSkippingOnlyIf(DefaultTaskNodeExecutor.java:272)
	at org.gradle.api.internal.tasks.execution.DefaultTaskNodeExecutor.executeCatchingFailures(DefaultTaskNodeExecutor.java:228)
	at org.gradle.api.internal.tasks.execution.DefaultTaskNodeExecutor.executeWithFallbackOperationId(DefaultTaskNodeExecutor.java:197)
	at org.gradle.api.internal.tasks.execution.DefaultTaskNodeExecutor.executeWithLifecycle(DefaultTaskNodeExecutor.java:171)
	at org.gradle.api.internal.tasks.execution.DefaultTaskNodeExecutor.access$000(DefaultTaskNodeExecutor.java:67)
	at org.gradle.api.internal.tasks.execution.DefaultTaskNodeExecutor$1.run(DefaultTaskNodeExecutor.java:136)
	at org.gradle.internal.operations.DefaultBuildOperationRunner$1.execute(DefaultBuildOperationRunner.java:30)
	at org.gradle.internal.operations.DefaultBuildOperationRunner$1.execute(DefaultBuildOperationRunner.java:27)
	at org.gradle.internal.operations.DefaultBuildOperationRunner$2.execute(DefaultBuildOperationRunner.java:67)
	at org.gradle.internal.operations.DefaultBuildOperationRunner$2.execute(DefaultBuildOperationRunner.java:60)
	at org.gradle.internal.operations.DefaultBuildOperationRunner.execute(DefaultBuildOperationRunner.java:167)
	at org.gradle.internal.operations.DefaultBuildOperationRunner.execute(DefaultBuildOperationRunner.java:60)
	at org.gradle.internal.operations.DefaultBuildOperationRunner.run(DefaultBuildOperationRunner.java:48)
	at org.gradle.api.internal.tasks.execution.DefaultTaskNodeExecutor.execute(DefaultTaskNodeExecutor.java:133)
	at org.gradle.execution.plan.LocalTaskNode.execute(LocalTaskNode.java:229)
	at org.gradle.execution.DefaultBuildWorkExecutor.lambda$executePlan$0(DefaultBuildWorkExecutor.java:153)
	at org.gradle.execution.plan.DefaultPlanExecutor$ExecutorWorker.lambda$execute$0(DefaultPlanExecutor.java:476)
	at org.gradle.internal.operations.CurrentBuildOperationRef.with(CurrentBuildOperationRef.java:85)
	at org.gradle.execution.plan.DefaultPlanExecutor$ExecutorWorker.execute(DefaultPlanExecutor.java:475)
	at org.gradle.execution.plan.DefaultPlanExecutor$ExecutorWorker.run(DefaultPlanExecutor.java:392)
	at org.gradle.execution.plan.DefaultPlanExecutor.process(DefaultPlanExecutor.java:118)
	at org.gradle.execution.DefaultBuildWorkExecutor.executePlan(DefaultBuildWorkExecutor.java:143)
	at org.gradle.execution.DefaultBuildWorkExecutor.displayOrExecutePlan(DefaultBuildWorkExecutor.java:128)
	at org.gradle.execution.DefaultBuildWorkExecutor$1.call(DefaultBuildWorkExecutor.java:79)
	at org.gradle.execution.DefaultBuildWorkExecutor$1.call(DefaultBuildWorkExecutor.java:75)
	at org.gradle.internal.operations.DefaultBuildOperationRunner$CallableBuildOperationWorker.execute(DefaultBuildOperationRunner.java:210)
	at org.gradle.internal.operations.DefaultBuildOperationRunner$CallableBuildOperationWorker.execute(DefaultBuildOperationRunner.java:205)
	at org.gradle.internal.operations.DefaultBuildOperationRunner$2.execute(DefaultBuildOperationRunner.java:67)
	at org.gradle.internal.operations.DefaultBuildOperationRunner$2.execute(DefaultBuildOperationRunner.java:60)
	at org.gradle.internal.operations.DefaultBuildOperationRunner.execute(DefaultBuildOperationRunner.java:167)
	at org.gradle.internal.operations.DefaultBuildOperationRunner.execute(DefaultBuildOperationRunner.java:60)
	at org.gradle.internal.operations.DefaultBuildOperationRunner.call(DefaultBuildOperationRunner.java:54)
	at org.gradle.execution.DefaultBuildWorkExecutor.execute(DefaultBuildWorkExecutor.java:75)
	at org.gradle.internal.build.DefaultBuildLifecycleController.lambda$executeTasks$0(DefaultBuildLifecycleController.java:323)
	at org.gradle.internal.model.StateTransitionController.doTransition(StateTransitionController.java:324)
	at org.gradle.internal.model.StateTransitionController.lambda$tryTransition$0(StateTransitionController.java:235)
	at org.gradle.internal.work.DefaultSynchronizer.withLock(DefaultSynchronizer.java:45)
	at org.gradle.internal.model.StateTransitionController.tryTransition(StateTransitionController.java:235)
	at org.gradle.internal.build.DefaultBuildLifecycleController.executeTasks(DefaultBuildLifecycleController.java:314)
	at org.gradle.internal.build.DefaultBuildWorkGraphController$DefaultBuildWorkGraph.runWork(DefaultBuildWorkGraphController.java:207)
	at org.gradle.internal.work.DefaultWorkerLeaseService.lambda$runAndReleaseLocks$0(DefaultWorkerLeaseService.java:296)
	at org.gradle.internal.work.ResourceLockStatistics$1.measure(ResourceLockStatistics.java:43)
	at org.gradle.internal.work.DefaultWorkerLeaseService.runAndReleaseLocks(DefaultWorkerLeaseService.java:294)
	at org.gradle.internal.work.DefaultWorkerLeaseService.withLocksAcquired(DefaultWorkerLeaseService.java:290)
	at org.gradle.internal.work.DefaultWorkerLeaseService.withLocks(DefaultWorkerLeaseService.java:282)
	at org.gradle.internal.work.DefaultWorkerLeaseService.runAsWorkerThread(DefaultWorkerLeaseService.java:132)
	at org.gradle.composite.internal.DefaultBuildController.doRun(DefaultBuildController.java:182)
	at org.gradle.composite.internal.DefaultBuildController$BuildOpRunnable.lambda$run$0(DefaultBuildController.java:199)
	at org.gradle.internal.operations.CurrentBuildOperationRef.with(CurrentBuildOperationRef.java:85)
	at org.gradle.composite.internal.DefaultBuildController$BuildOpRunnable.run(DefaultBuildController.java:199)
	at org.gradle.internal.concurrent.ExecutorPolicy$CatchAndRecordFailures.onExecute(ExecutorPolicy.java:65)
	at org.gradle.internal.concurrent.AbstractManagedExecutor$1.run(AbstractManagedExecutor.java:47)
Caused by: org.gradle.api.internal.exceptions.MarkedVerificationException: There were failing tests. See the report at: file:///workspace/plugin/build/reports/tests/visualTest/index.html
	at org.gradle.api.tasks.testing.AbstractTestTask.executeTests(AbstractTestTask.java:637)
	at org.gradle.api.tasks.testing.Test.executeTests(Test.java:778)
	at org.jetbrains.intellij.platform.gradle.tasks.TestIdeUiTask.executeTests(TestIdeUiTask.kt:40)
	at org.gradle.internal.reflect.JavaMethod.invoke(JavaMethod.java:125)
	at org.gradle.api.internal.project.taskfactory.StandardTaskAction.doExecute(StandardTaskAction.java:58)
	at org.gradle.api.internal.project.taskfactory.StandardTaskAction.execute(StandardTaskAction.java:51)
	at org.gradle.api.internal.project.taskfactory.StandardTaskAction.execute(StandardTaskAction.java:29)
	at org.gradle.api.internal.tasks.execution.TaskExecution$3.run(TaskExecution.java:268)
	at org.gradle.internal.operations.DefaultBuildOperationRunner$1.execute(DefaultBuildOperationRunner.java:30)
	at org.gradle.internal.operations.DefaultBuildOperationRunner$1.execute(DefaultBuildOperationRunner.java:27)
	at org.gradle.internal.operations.DefaultBuildOperationRunner$2.execute(DefaultBuildOperationRunner.java:67)
	at org.gradle.internal.operations.DefaultBuildOperationRunner$2.execute(DefaultBuildOperationRunner.java:60)
	at org.gradle.internal.operations.DefaultBuildOperationRunner.execute(DefaultBuildOperationRunner.java:167)
	at org.gradle.internal.operations.DefaultBuildOperationRunner.execute(DefaultBuildOperationRunner.java:60)
	at org.gradle.internal.operations.DefaultBuildOperationRunner.run(DefaultBuildOperationRunner.java:48)
	at org.gradle.api.internal.tasks.execution.TaskExecution.executeAction(TaskExecution.java:253)
	at org.gradle.api.internal.tasks.execution.TaskExecution.executeActions(TaskExecution.java:236)
	at org.gradle.api.internal.tasks.execution.TaskExecution.executeWithPreviousOutputFiles(TaskExecution.java:219)
	at org.gradle.api.internal.tasks.execution.TaskExecution.execute(TaskExecution.java:185)
	at org.gradle.internal.execution.steps.ExecuteStep.executeInternal(ExecuteStep.java:167)
	at org.gradle.internal.execution.steps.ExecuteStep.access$000(ExecuteStep.java:47)
	at org.gradle.internal.execution.steps.ExecuteStep$1.call(ExecuteStep.java:137)
	at org.gradle.internal.execution.steps.ExecuteStep$1.call(ExecuteStep.java:134)
	at org.gradle.internal.operations.DefaultBuildOperationRunner$CallableBuildOperationWorker.execute(DefaultBuildOperationRunner.java:210)
	at org.gradle.internal.operations.DefaultBuildOperationRunner$CallableBuildOperationWorker.execute(DefaultBuildOperationRunner.java:205)
	at org.gradle.internal.operations.DefaultBuildOperationRunner$2.execute(DefaultBuildOperationRunner.java:67)
	at org.gradle.internal.operations.DefaultBuildOperationRunner$2.execute(DefaultBuildOperationRunner.java:60)
	at org.gradle.internal.operations.DefaultBuildOperationRunner.execute(DefaultBuildOperationRunner.java:167)
	at org.gradle.internal.operations.DefaultBuildOperationRunner.execute(DefaultBuildOperationRunner.java:60)
	at org.gradle.internal.operations.DefaultBuildOperationRunner.call(DefaultBuildOperationRunner.java:54)
	at org.gradle.internal.execution.steps.ExecuteStep.execute(ExecuteStep.java:134)
	at org.gradle.internal.execution.steps.ExecuteStep$Mutable.execute(ExecuteStep.java:80)
	at org.gradle.internal.execution.steps.CancelExecutionStep.execute(CancelExecutionStep.java:42)
	at org.gradle.internal.execution.steps.TimeoutStep.executeWithoutTimeout(TimeoutStep.java:75)
	at org.gradle.internal.execution.steps.TimeoutStep.execute(TimeoutStep.java:55)
	at org.gradle.internal.execution.steps.PreCreateOutputParentsStep.execute(PreCreateOutputParentsStep.java:51)
	at org.gradle.internal.execution.steps.PreCreateOutputParentsStep.execute(PreCreateOutputParentsStep.java:29)
	at org.gradle.internal.execution.steps.RemovePreviousOutputsStep.executeMutable(RemovePreviousOutputsStep.java:67)
	at org.gradle.internal.execution.steps.RemovePreviousOutputsStep.executeMutable(RemovePreviousOutputsStep.java:39)
	at org.gradle.internal.execution.steps.MutableStep.execute(MutableStep.java:26)
	at org.gradle.internal.execution.steps.BroadcastChangingOutputsStep.execute(BroadcastChangingOutputsStep.java:42)
	at org.gradle.internal.execution.steps.BroadcastChangingOutputsStep.execute(BroadcastChangingOutputsStep.java:24)
	at org.gradle.internal.execution.steps.CaptureOutputsAfterExecutionStep.execute(CaptureOutputsAfterExecutionStep.java:69)
	at org.gradle.internal.execution.steps.CaptureOutputsAfterExecutionStep.execute(CaptureOutputsAfterExecutionStep.java:46)
	at org.gradle.internal.execution.steps.ResolveInputChangesStep.executeMutable(ResolveInputChangesStep.java:39)
	at org.gradle.internal.execution.steps.ResolveInputChangesStep.executeMutable(ResolveInputChangesStep.java:28)
	at org.gradle.internal.execution.steps.MutableStep.execute(MutableStep.java:26)
	at org.gradle.internal.execution.steps.BuildCacheStep.executeWithoutCache(BuildCacheStep.java:189)
	at org.gradle.internal.execution.steps.BuildCacheStep.lambda$execute$1(BuildCacheStep.java:76)
	at org.gradle.internal.Either$Right.fold(Either.java:176)
	at org.gradle.internal.execution.caching.CachingState.fold(CachingState.java:62)
	at org.gradle.internal.execution.steps.BuildCacheStep.execute(BuildCacheStep.java:74)
	at org.gradle.internal.execution.steps.BuildCacheStep.execute(BuildCacheStep.java:49)
	at org.gradle.internal.execution.steps.StoreExecutionStateStep.executeMutable(StoreExecutionStateStep.java:46)
	at org.gradle.internal.execution.steps.StoreExecutionStateStep.executeMutable(StoreExecutionStateStep.java:35)
	at org.gradle.internal.execution.steps.MutableStep.execute(MutableStep.java:26)
	at org.gradle.internal.execution.steps.SkipUpToDateStep.executeBecause(SkipUpToDateStep.java:75)
	at org.gradle.internal.execution.steps.SkipUpToDateStep.lambda$execute$2(SkipUpToDateStep.java:53)
	at org.gradle.internal.execution.steps.SkipUpToDateStep.execute(SkipUpToDateStep.java:53)
	at org.gradle.internal.execution.steps.SkipUpToDateStep.execute(SkipUpToDateStep.java:35)
	at org.gradle.internal.execution.steps.legacy.MarkSnapshottingInputsFinishedStep.execute(MarkSnapshottingInputsFinishedStep.java:37)
	at org.gradle.internal.execution.steps.legacy.MarkSnapshottingInputsFinishedStep.execute(MarkSnapshottingInputsFinishedStep.java:27)
	at org.gradle.internal.execution.steps.ResolveMutableCachingStateStep.executeDelegate(ResolveMutableCachingStateStep.java:70)
	at org.gradle.internal.execution.steps.ResolveMutableCachingStateStep.executeDelegate(ResolveMutableCachingStateStep.java:32)
	at org.gradle.internal.execution.steps.AbstractResolveCachingStateStep.execute(AbstractResolveCachingStateStep.java:69)
	at org.gradle.internal.execution.steps.AbstractResolveCachingStateStep.execute(AbstractResolveCachingStateStep.java:37)
	at org.gradle.internal.execution.steps.ResolveChangesStep.executeMutable(ResolveChangesStep.java:63)
	at org.gradle.internal.execution.steps.ResolveChangesStep.executeMutable(ResolveChangesStep.java:34)
	at org.gradle.internal.execution.steps.MutableStep.execute(MutableStep.java:26)
	at org.gradle.internal.execution.steps.ValidateStep$Mutable.executeDelegate(ValidateStep.java:79)
	at org.gradle.internal.execution.steps.ValidateStep$Mutable.executeDelegate(ValidateStep.java:65)
	at org.gradle.internal.execution.steps.ValidateStep.execute(ValidateStep.java:105)
	at org.gradle.internal.execution.steps.ValidateStep$Mutable.execute(ValidateStep.java:65)
	at org.gradle.internal.execution.steps.CaptureMutableStateBeforeExecutionStep.executeMutable(CaptureMutableStateBeforeExecutionStep.java:86)
	at org.gradle.internal.execution.steps.CaptureMutableStateBeforeExecutionStep.execute(CaptureMutableStateBeforeExecutionStep.java:65)
	at org.gradle.internal.execution.steps.CaptureMutableStateBeforeExecutionStep.execute(CaptureMutableStateBeforeExecutionStep.java:45)
	at org.gradle.internal.execution.steps.SkipEmptyMutableWorkStep.executeWithNonEmptySources(SkipEmptyMutableWorkStep.java:210)
	at org.gradle.internal.execution.steps.SkipEmptyMutableWorkStep.executeMutable(SkipEmptyMutableWorkStep.java:90)
	at org.gradle.internal.execution.steps.SkipEmptyMutableWorkStep.executeMutable(SkipEmptyMutableWorkStep.java:53)
	at org.gradle.internal.execution.steps.MutableStep.execute(MutableStep.java:26)
	at org.gradle.internal.execution.steps.legacy.MarkSnapshottingInputsStartedStep.execute(MarkSnapshottingInputsStartedStep.java:38)
	at org.gradle.internal.execution.steps.LoadPreviousExecutionStateStep.executeMutable(LoadPreviousExecutionStateStep.java:36)
	at org.gradle.internal.execution.steps.LoadPreviousExecutionStateStep.executeMutable(LoadPreviousExecutionStateStep.java:23)
	at org.gradle.internal.execution.steps.MutableStep.execute(MutableStep.java:26)
	at org.gradle.internal.execution.steps.HandleStaleOutputsStep.executeMutable(HandleStaleOutputsStep.java:77)
	at org.gradle.internal.execution.steps.HandleStaleOutputsStep.executeMutable(HandleStaleOutputsStep.java:43)
	at org.gradle.internal.execution.steps.MutableStep.execute(MutableStep.java:26)
	at org.gradle.internal.execution.steps.AssignMutableWorkspaceStep.lambda$executeMutable$0(AssignMutableWorkspaceStep.java:34)
	at org.gradle.api.internal.tasks.execution.TaskExecution$4.withWorkspace(TaskExecution.java:314)
	at org.gradle.internal.execution.steps.AssignMutableWorkspaceStep.executeMutable(AssignMutableWorkspaceStep.java:30)
	at org.gradle.internal.execution.steps.AssignMutableWorkspaceStep.executeMutable(AssignMutableWorkspaceStep.java:21)
	at org.gradle.internal.execution.steps.MutableStep.execute(MutableStep.java:26)
	at org.gradle.internal.execution.steps.ChoosePipelineStep.execute(ChoosePipelineStep.java:40)
	at org.gradle.internal.execution.steps.ChoosePipelineStep.execute(ChoosePipelineStep.java:23)
	at org.gradle.internal.execution.steps.ExecuteWorkBuildOperationFiringStep.lambda$execute$2(ExecuteWorkBuildOperationFiringStep.java:67)
	at org.gradle.internal.execution.steps.ExecuteWorkBuildOperationFiringStep.execute(ExecuteWorkBuildOperationFiringStep.java:67)
	at org.gradle.internal.execution.steps.ExecuteWorkBuildOperationFiringStep.execute(ExecuteWorkBuildOperationFiringStep.java:39)
	at org.gradle.internal.execution.steps.IdentityCacheStep.execute(IdentityCacheStep.java:46)
	at org.gradle.internal.execution.steps.IdentityCacheStep.execute(IdentityCacheStep.java:34)
	at org.gradle.internal.execution.steps.IdentifyStep.execute(IdentifyStep.java:56)
	at org.gradle.internal.execution.steps.IdentifyStep.execute(IdentifyStep.java:38)
	at org.gradle.internal.execution.impl.DefaultExecutionEngine$1.execute(DefaultExecutionEngine.java:68)
	at org.gradle.api.internal.tasks.execution.DefaultTaskNodeExecutor.doExecute(DefaultTaskNodeExecutor.java:364)
	... 55 more


Deprecated Gradle features were used in this build, making it incompatible with Gradle 10.

You can use '--warning-mode all' to show the individual deprecation warnings and determine if they come from your own scripts or plugins.

For more on this, please refer to https://docs.gradle.org/9.8.0/userguide/command_line_interface.html#sec:command_line_warnings in the Gradle documentation.

BUILD FAILED in 3m 59s
35 actionable tasks: 19 executed, 15 from cache, 1 up-to-date
